mts@mts-Aspire-A111-31:~/vscode/java/ControlWork2$ systemctl status mysql
Unit mysql.service could not be found.
mts@mts-Aspire-A111-31:~/vscode/java/ControlWork2$ ls
Animals  mysql-apt-config_0.8.26-1_all.deb  task_1-2.png
mts@mts-Aspire-A111-31:~/vscode/java/ControlWork2$ dpkg -i mysql-apt-config_0.8.26-1_all.deb 
dpkg: ошибка: запрошенная операция требует привилегий суперпользователя
mts@mts-Aspire-A111-31:~/vscode/java/ControlWork2$ sudo dpkg -i mysql-apt-config_0.8.26-1_all.deb 
[sudo] пароль для mts: 
Выбор ранее не выбранного пакета mysql-apt-config.
(Чтение базы данных … на данный момент установлено 214303 файла и каталога.)
Подготовка к распаковке mysql-apt-config_0.8.26-1_all.deb …
Распаковывается mysql-apt-config (0.8.26-1) …
Настраивается пакет mysql-apt-config (0.8.26-1) …
mts@mts-Aspire-A111-31:~/vscode/java/ControlWork2$ sudo apt update
Сущ:1 http://ru.archive.ubuntu.com/ubuntu jammy InRelease
Пол:2 http://ru.archive.ubuntu.com/ubuntu jammy-updates InRelease [119 kB]                                                                   
Пол:3 http://ru.archive.ubuntu.com/ubuntu jammy-backports InRelease [109 kB]                                                                 
Сущ:4 https://download.docker.com/linux/ubuntu jammy InRelease                                                                               
Сущ:5 https://dl.google.com/linux/chrome/deb stable InRelease                                                                                
Пол:6 http://ru.archive.ubuntu.com/ubuntu jammy-updates/main i386 Packages [503 kB]                    
Пол:7 http://repo.mysql.com/apt/ubuntu jammy InRelease [20,3 kB]                                                                   
Пол:8 http://ru.archive.ubuntu.com/ubuntu jammy-updates/main amd64 Packages [1 058 kB]                   
Пол:9 http://ru.archive.ubuntu.com/ubuntu jammy-updates/main Translation-en [233 kB]                     
Пол:10 http://ru.archive.ubuntu.com/ubuntu jammy-updates/main amd64 DEP-11 Metadata [101 kB]           
Пол:11 http://ru.archive.ubuntu.com/ubuntu jammy-updates/restricted amd64 Packages [974 kB]          
Пол:12 http://ru.archive.ubuntu.com/ubuntu jammy-updates/restricted Translation-en [157 kB]  
Пол:13 http://ru.archive.ubuntu.com/ubuntu jammy-updates/universe amd64 Packages [989 kB]               
Пол:14 http://ru.archive.ubuntu.com/ubuntu jammy-updates/universe i386 Packages [658 kB]         
Пол:15 http://ru.archive.ubuntu.com/ubuntu jammy-updates/universe amd64 DEP-11 Metadata [291 kB] 
Пол:16 http://ru.archive.ubuntu.com/ubuntu jammy-updates/multiverse amd64 DEP-11 Metadata [940 B]    
Пол:17 http://ru.archive.ubuntu.com/ubuntu jammy-backports/main amd64 DEP-11 Metadata [4 948 B]     
Пол:18 http://ru.archive.ubuntu.com/ubuntu jammy-backports/universe amd64 DEP-11 Metadata [17,8 kB]             
Пол:19 http://repo.mysql.com/apt/ubuntu jammy/mysql-8.0 Sources [963 B]                                           
Пол:20 http://repo.mysql.com/apt/ubuntu jammy/mysql-apt-config i386 Packages [565 B]                              
Пол:21 http://repo.mysql.com/apt/ubuntu jammy/mysql-apt-config amd64 Packages [565 B]                     
Пол:22 http://repo.mysql.com/apt/ubuntu jammy/mysql-8.0 amd64 Packages [12,7 kB]  
Пол:23 http://repo.mysql.com/apt/ubuntu jammy/mysql-tools i386 Packages [457 B]   
Пол:24 http://repo.mysql.com/apt/ubuntu jammy/mysql-tools amd64 Packages [8 011 B]
Пол:25 http://security.ubuntu.com/ubuntu jammy-security InRelease [110 kB]                                                                   
Пол:26 http://security.ubuntu.com/ubuntu jammy-security/main amd64 DEP-11 Metadata [43,1 kB]                                                 
Пол:27 http://security.ubuntu.com/ubuntu jammy-security/universe amd64 DEP-11 Metadata [40,1 kB]                                             
Получено 5 451 kB за 9с (598 kB/s)                                                                                                           
Чтение списков пакетов… Готово
Построение дерева зависимостей… Готово
Чтение информации о состоянии… Готово         
Может быть обновлено 29 пакетов. Запустите «apt list --upgradable» для их показа.
W: https://download.docker.com/linux/ubuntu/dists/jammy/InRelease: Key is stored in legacy trusted.gpg keyring (/etc/apt/trusted.gpg), see the DEPRECATION section in apt-key(8) for details.
mts@mts-Aspire-A111-31:~/vscode/java/ControlWork2$ sudo apt upgrade
Чтение списков пакетов… Готово
Построение дерева зависимостей… Готово
Чтение информации о состоянии… Готово         
Расчёт обновлений… Готово
Следующие НОВЫЕ пакеты будут установлены:
  linux-headers-6.2.0-34-generic linux-hwe-6.2-headers-6.2.0-34 linux-image-6.2.0-34-generic linux-modules-6.2.0-34-generic
  linux-modules-extra-6.2.0-34-generic
Следующие пакеты будут оставлены в неизменном виде:
  alsa-ucm-conf
Следующие пакеты будут обновлены:
  google-chrome-stable grub-efi-amd64-bin grub-efi-amd64-signed libc-bin libc6 libc6-dbg libc6-i386 libc6-x32 libfprint-2-2
  libfreerdp-client2-2 libfreerdp-server2-2 libfreerdp2-2 libvpx7 libwinpr2-2 libx11-6 libx11-data libx11-xcb1 libxpm4 linux-firmware
  linux-generic-hwe-22.04 linux-headers-generic-hwe-22.04 linux-image-generic-hwe-22.04 locales thunderbird thunderbird-gnome-support
  thunderbird-locale-en thunderbird-locale-en-us thunderbird-locale-ru
Обновлено 28 пакетов, установлено 5 новых пакетов, для удаления отмечено 0 пакетов, и 1 пакетов не обновлено.
25 standard LTS security updates
Необходимо скачать 592 MB архивов.
После данной операции объём занятого дискового пространства возрастёт на 717 MB.
Хотите продолжить? [Д/н] y
Пол:1 http://ru.archive.ubuntu.com/ubuntu jammy-updates/main amd64 libc6-dbg amd64 2.35-0ubuntu3.4 [13,9 MB]
Пол:2 https://dl.google.com/linux/chrome/deb stable/main amd64 google-chrome-stable amd64 117.0.5938.149-1 [104 MB]
Пол:3 http://ru.archive.ubuntu.com/ubuntu jammy-updates/main amd64 libc6-x32 amd64 2.35-0ubuntu3.4 [2 978 kB]
Пол:4 http://ru.archive.ubuntu.com/ubuntu jammy-updates/main amd64 libc6-i386 amd64 2.35-0ubuntu3.4 [2 837 kB]
Пол:5 http://ru.archive.ubuntu.com/ubuntu jammy-updates/main amd64 libc6 amd64 2.35-0ubuntu3.4 [3 234 kB]
Пол:6 http://ru.archive.ubuntu.com/ubuntu jammy-updates/main amd64 libc-bin amd64 2.35-0ubuntu3.4 [706 kB]
Пол:7 http://ru.archive.ubuntu.com/ubuntu jammy-updates/main amd64 libx11-data all 2:1.7.5-1ubuntu0.3 [120 kB]
Пол:8 http://ru.archive.ubuntu.com/ubuntu jammy-updates/main amd64 libx11-6 amd64 2:1.7.5-1ubuntu0.3 [667 kB]
Пол:9 http://ru.archive.ubuntu.com/ubuntu jammy-updates/main amd64 libx11-xcb1 amd64 2:1.7.5-1ubuntu0.3 [7 802 B]
Пол:10 http://ru.archive.ubuntu.com/ubuntu jammy-updates/main amd64 locales all 2.35-0ubuntu3.4 [4 245 kB]
Пол:11 http://ru.archive.ubuntu.com/ubuntu jammy-updates/main amd64 grub-efi-amd64-signed amd64 1.187.6+2.06-2ubuntu14.4 [1 389 kB]
Пол:12 http://ru.archive.ubuntu.com/ubuntu jammy-updates/main amd64 grub-efi-amd64-bin amd64 2.06-2ubuntu14.4 [1 592 kB]
Пол:13 http://ru.archive.ubuntu.com/ubuntu jammy-updates/main amd64 libfprint-2-2 amd64 1:1.94.3+tod1-0ubuntu2~22.04.06 [287 kB]
Пол:14 http://ru.archive.ubuntu.com/ubuntu jammy-updates/main amd64 libfreerdp-client2-2 amd64 2.6.1+dfsg1-3ubuntu2.4 [284 kB]
Пол:15 http://ru.archive.ubuntu.com/ubuntu jammy-updates/main amd64 libfreerdp-server2-2 amd64 2.6.1+dfsg1-3ubuntu2.4 [100 kB]
Пол:16 http://ru.archive.ubuntu.com/ubuntu jammy-updates/main amd64 libfreerdp2-2 amd64 2.6.1+dfsg1-3ubuntu2.4 [558 kB]
Пол:17 http://ru.archive.ubuntu.com/ubuntu jammy-updates/main amd64 libwinpr2-2 amd64 2.6.1+dfsg1-3ubuntu2.4 [355 kB]
Пол:18 http://ru.archive.ubuntu.com/ubuntu jammy-updates/main amd64 libvpx7 amd64 1.11.0-2ubuntu2.2 [1 078 kB]
Пол:19 http://ru.archive.ubuntu.com/ubuntu jammy-updates/main amd64 libxpm4 amd64 1:3.5.12-1ubuntu0.22.04.2 [36,7 kB]
Пол:20 http://ru.archive.ubuntu.com/ubuntu jammy-updates/main amd64 linux-firmware all 20220329.git681281e4-0ubuntu3.19 [255 MB]
Пол:21 http://ru.archive.ubuntu.com/ubuntu jammy-updates/main amd64 linux-modules-6.2.0-34-generic amd64 6.2.0-34.34~22.04.1 [25,6 MB]       
Пол:22 http://ru.archive.ubuntu.com/ubuntu jammy-updates/main amd64 linux-image-6.2.0-34-generic amd64 6.2.0-34.34~22.04.1 [13,6 MB]         
Пол:23 http://ru.archive.ubuntu.com/ubuntu jammy-updates/main amd64 linux-modules-extra-6.2.0-34-generic amd64 6.2.0-34.34~22.04.1 [73,5 MB] 
Пол:24 http://ru.archive.ubuntu.com/ubuntu jammy-updates/main amd64 linux-generic-hwe-22.04 amd64 6.2.0.34.34~22.04.11 [1 726 B]             
Пол:25 http://ru.archive.ubuntu.com/ubuntu jammy-updates/main amd64 linux-image-generic-hwe-22.04 amd64 6.2.0.34.34~22.04.11 [2 518 B]       
Пол:26 http://ru.archive.ubuntu.com/ubuntu jammy-updates/main amd64 linux-hwe-6.2-headers-6.2.0-34 all 6.2.0-34.34~22.04.1 [13,0 MB]         
Пол:27 http://ru.archive.ubuntu.com/ubuntu jammy-updates/main amd64 linux-headers-6.2.0-34-generic amd64 6.2.0-34.34~22.04.1 [3 335 kB]      
Пол:28 http://ru.archive.ubuntu.com/ubuntu jammy-updates/main amd64 linux-headers-generic-hwe-22.04 amd64 6.2.0.34.34~22.04.11 [2 370 B]     
Пол:29 http://ru.archive.ubuntu.com/ubuntu jammy-updates/main amd64 thunderbird-locale-en amd64 1:115.3.1+build1-0ubuntu0.22.04.2 [979 kB]   
Пол:30 http://ru.archive.ubuntu.com/ubuntu jammy-updates/main amd64 thunderbird-locale-ru amd64 1:115.3.1+build1-0ubuntu0.22.04.2 [757 kB]   
Пол:31 http://ru.archive.ubuntu.com/ubuntu jammy-updates/main amd64 thunderbird amd64 1:115.3.1+build1-0ubuntu0.22.04.2 [67,3 MB]            
Пол:32 http://ru.archive.ubuntu.com/ubuntu jammy-updates/main amd64 thunderbird-gnome-support amd64 1:115.3.1+build1-0ubuntu0.22.04.2 [8 618 B]
Пол:33 http://ru.archive.ubuntu.com/ubuntu jammy-updates/main amd64 thunderbird-locale-en-us all 1:115.3.1+build1-0ubuntu0.22.04.2 [9 624 B] 
Получено 592 MB за 23с (25,8 MB/s)                                                                                                           
Извлекаются шаблоны из пакетов: 100%
Предварительная настройка пакетов …
(Чтение базы данных … на данный момент установлено 214308 файлов и каталогов.)
Подготовка к распаковке …/libc6-dbg_2.35-0ubuntu3.4_amd64.deb …
Распаковывается libc6-dbg:amd64 (2.35-0ubuntu3.4) на замену (2.35-0ubuntu3.3) …
Подготовка к распаковке …/libc6-x32_2.35-0ubuntu3.4_amd64.deb …
Распаковывается libc6-x32 (2.35-0ubuntu3.4) на замену (2.35-0ubuntu3.3) …
Подготовка к распаковке …/libc6-i386_2.35-0ubuntu3.4_amd64.deb …
Распаковывается libc6-i386 (2.35-0ubuntu3.4) на замену (2.35-0ubuntu3.3) …
Подготовка к распаковке …/libc6_2.35-0ubuntu3.4_amd64.deb …
Распаковывается libc6:amd64 (2.35-0ubuntu3.4) на замену (2.35-0ubuntu3.3) …
Настраивается пакет libc6:amd64 (2.35-0ubuntu3.4) …
(Чтение базы данных … на данный момент установлено 214309 файлов и каталогов.)
Подготовка к распаковке …/libc-bin_2.35-0ubuntu3.4_amd64.deb …
Распаковывается libc-bin (2.35-0ubuntu3.4) на замену (2.35-0ubuntu3.3) …
Настраивается пакет libc-bin (2.35-0ubuntu3.4) …
(Чтение базы данных … на данный момент установлено 214309 файлов и каталогов.)
Подготовка к распаковке …/00-libx11-data_2%3a1.7.5-1ubuntu0.3_all.deb …
Распаковывается libx11-data (2:1.7.5-1ubuntu0.3) на замену (2:1.7.5-1ubuntu0.2) …
Подготовка к распаковке …/01-libx11-6_2%3a1.7.5-1ubuntu0.3_amd64.deb …
Распаковывается libx11-6:amd64 (2:1.7.5-1ubuntu0.3) на замену (2:1.7.5-1ubuntu0.2) …
Подготовка к распаковке …/02-libx11-xcb1_2%3a1.7.5-1ubuntu0.3_amd64.deb …
Распаковывается libx11-xcb1:amd64 (2:1.7.5-1ubuntu0.3) на замену (2:1.7.5-1ubuntu0.2) …
Подготовка к распаковке …/03-google-chrome-stable_117.0.5938.149-1_amd64.deb …
Распаковывается google-chrome-stable (117.0.5938.149-1) на замену (117.0.5938.132-1) …
Подготовка к распаковке …/04-locales_2.35-0ubuntu3.4_all.deb …
Распаковывается locales (2.35-0ubuntu3.4) на замену (2.35-0ubuntu3.3) …
Подготовка к распаковке …/05-grub-efi-amd64-signed_1.187.6+2.06-2ubuntu14.4_amd64.deb …
Распаковывается grub-efi-amd64-signed (1.187.6+2.06-2ubuntu14.4) на замену (1.187.4~22.04.1+2.06-2ubuntu14.2) …
Подготовка к распаковке …/06-grub-efi-amd64-bin_2.06-2ubuntu14.4_amd64.deb …
Распаковывается grub-efi-amd64-bin (2.06-2ubuntu14.4) на замену (2.06-2ubuntu14.2) …
Подготовка к распаковке …/07-libfprint-2-2_1%3a1.94.3+tod1-0ubuntu2~22.04.06_amd64.deb …
Распаковывается libfprint-2-2:amd64 (1:1.94.3+tod1-0ubuntu2~22.04.06) на замену (1:1.94.3+tod1-0ubuntu2~22.04.04) …
Подготовка к распаковке …/08-libfreerdp-client2-2_2.6.1+dfsg1-3ubuntu2.4_amd64.deb …
Распаковывается libfreerdp-client2-2:amd64 (2.6.1+dfsg1-3ubuntu2.4) на замену (2.6.1+dfsg1-3ubuntu2.3) …
Подготовка к распаковке …/09-libfreerdp-server2-2_2.6.1+dfsg1-3ubuntu2.4_amd64.deb …
Распаковывается libfreerdp-server2-2:amd64 (2.6.1+dfsg1-3ubuntu2.4) на замену (2.6.1+dfsg1-3ubuntu2.3) …
Подготовка к распаковке …/10-libfreerdp2-2_2.6.1+dfsg1-3ubuntu2.4_amd64.deb …
Распаковывается libfreerdp2-2:amd64 (2.6.1+dfsg1-3ubuntu2.4) на замену (2.6.1+dfsg1-3ubuntu2.3) …
Подготовка к распаковке …/11-libwinpr2-2_2.6.1+dfsg1-3ubuntu2.4_amd64.deb …
Распаковывается libwinpr2-2:amd64 (2.6.1+dfsg1-3ubuntu2.4) на замену (2.6.1+dfsg1-3ubuntu2.3) …
Подготовка к распаковке …/12-libvpx7_1.11.0-2ubuntu2.2_amd64.deb …
Распаковывается libvpx7:amd64 (1.11.0-2ubuntu2.2) на замену (1.11.0-2ubuntu2) …
Подготовка к распаковке …/13-libxpm4_1%3a3.5.12-1ubuntu0.22.04.2_amd64.deb …
Распаковывается libxpm4:amd64 (1:3.5.12-1ubuntu0.22.04.2) на замену (1:3.5.12-1ubuntu0.22.04.1) …
Подготовка к распаковке …/14-linux-firmware_20220329.git681281e4-0ubuntu3.19_all.deb …
Распаковывается linux-firmware (20220329.git681281e4-0ubuntu3.19) на замену (20220329.git681281e4-0ubuntu3.18) …
Выбор ранее не выбранного пакета linux-modules-6.2.0-34-generic.
Подготовка к распаковке …/15-linux-modules-6.2.0-34-generic_6.2.0-34.34~22.04.1_amd64.deb …
Распаковывается linux-modules-6.2.0-34-generic (6.2.0-34.34~22.04.1) …
Выбор ранее не выбранного пакета linux-image-6.2.0-34-generic.
Подготовка к распаковке …/16-linux-image-6.2.0-34-generic_6.2.0-34.34~22.04.1_amd64.deb …
Распаковывается linux-image-6.2.0-34-generic (6.2.0-34.34~22.04.1) …
Выбор ранее не выбранного пакета linux-modules-extra-6.2.0-34-generic.
Подготовка к распаковке …/17-linux-modules-extra-6.2.0-34-generic_6.2.0-34.34~22.04.1_amd64.deb …
Распаковывается linux-modules-extra-6.2.0-34-generic (6.2.0-34.34~22.04.1) …
Подготовка к распаковке …/18-linux-generic-hwe-22.04_6.2.0.34.34~22.04.11_amd64.deb …
Распаковывается linux-generic-hwe-22.04 (6.2.0.34.34~22.04.11) на замену (6.2.0.33.33~22.04.10) …
Подготовка к распаковке …/19-linux-image-generic-hwe-22.04_6.2.0.34.34~22.04.11_amd64.deb …
Распаковывается linux-image-generic-hwe-22.04 (6.2.0.34.34~22.04.11) на замену (6.2.0.33.33~22.04.10) …
Выбор ранее не выбранного пакета linux-hwe-6.2-headers-6.2.0-34.
Подготовка к распаковке …/20-linux-hwe-6.2-headers-6.2.0-34_6.2.0-34.34~22.04.1_all.deb …
Распаковывается linux-hwe-6.2-headers-6.2.0-34 (6.2.0-34.34~22.04.1) …
Выбор ранее не выбранного пакета linux-headers-6.2.0-34-generic.
Подготовка к распаковке …/21-linux-headers-6.2.0-34-generic_6.2.0-34.34~22.04.1_amd64.deb …
Распаковывается linux-headers-6.2.0-34-generic (6.2.0-34.34~22.04.1) …
Подготовка к распаковке …/22-linux-headers-generic-hwe-22.04_6.2.0.34.34~22.04.11_amd64.deb …
Распаковывается linux-headers-generic-hwe-22.04 (6.2.0.34.34~22.04.11) на замену (6.2.0.33.33~22.04.10) …
Подготовка к распаковке …/23-thunderbird-locale-en_1%3a115.3.1+build1-0ubuntu0.22.04.2_amd64.deb …
Распаковывается thunderbird-locale-en (1:115.3.1+build1-0ubuntu0.22.04.2) на замену (1:102.15.1+build1-0ubuntu0.22.04.1) …
Подготовка к распаковке …/24-thunderbird-locale-ru_1%3a115.3.1+build1-0ubuntu0.22.04.2_amd64.deb …
Распаковывается thunderbird-locale-ru (1:115.3.1+build1-0ubuntu0.22.04.2) на замену (1:102.15.1+build1-0ubuntu0.22.04.1) …
Подготовка к распаковке …/25-thunderbird_1%3a115.3.1+build1-0ubuntu0.22.04.2_amd64.deb …
Распаковывается thunderbird (1:115.3.1+build1-0ubuntu0.22.04.2) на замену (1:102.15.1+build1-0ubuntu0.22.04.1) …
Подготовка к распаковке …/26-thunderbird-gnome-support_1%3a115.3.1+build1-0ubuntu0.22.04.2_amd64.deb …
Распаковывается thunderbird-gnome-support (1:115.3.1+build1-0ubuntu0.22.04.2) на замену (1:102.15.1+build1-0ubuntu0.22.04.1) …
Подготовка к распаковке …/27-thunderbird-locale-en-us_1%3a115.3.1+build1-0ubuntu0.22.04.2_all.deb …
Распаковывается thunderbird-locale-en-us (1:115.3.1+build1-0ubuntu0.22.04.2) на замену (1:102.15.1+build1-0ubuntu0.22.04.1) …
Настраивается пакет linux-firmware (20220329.git681281e4-0ubuntu3.19) …
update-initramfs: Generating /boot/initrd.img-6.2.0-33-generic
update-initramfs: Generating /boot/initrd.img-6.2.0-32-generic
Настраивается пакет locales (2.35-0ubuntu3.4) …
Generating locales (this might take a while)...
  en_AG.UTF-8... done
  en_AU.UTF-8... done
  en_BW.UTF-8... done
  en_CA.UTF-8... done
  en_DK.UTF-8... done
  en_GB.UTF-8... done
  en_HK.UTF-8... done
  en_IE.UTF-8... done
  en_IL.UTF-8... done
  en_IN.UTF-8... done
  en_NG.UTF-8... done
  en_NZ.UTF-8... done
  en_PH.UTF-8... done
  en_SG.UTF-8... done
  en_US.UTF-8... done
  en_ZA.UTF-8... done
  en_ZM.UTF-8... done
  en_ZW.UTF-8... done
  ru_RU.UTF-8... done
  ru_UA.UTF-8... done
Generation complete.
Настраивается пакет libwinpr2-2:amd64 (2.6.1+dfsg1-3ubuntu2.4) …
Настраивается пакет libc6-dbg:amd64 (2.35-0ubuntu3.4) …
Настраивается пакет libc6-x32 (2.35-0ubuntu3.4) …
Настраивается пакет libx11-data (2:1.7.5-1ubuntu0.3) …
Настраивается пакет linux-hwe-6.2-headers-6.2.0-34 (6.2.0-34.34~22.04.1) …
Настраивается пакет linux-modules-6.2.0-34-generic (6.2.0-34.34~22.04.1) …
Настраивается пакет libc6-i386 (2.35-0ubuntu3.4) …
Настраивается пакет libx11-6:amd64 (2:1.7.5-1ubuntu0.3) …
Настраивается пакет libvpx7:amd64 (1.11.0-2ubuntu2.2) …
Настраивается пакет linux-headers-6.2.0-34-generic (6.2.0-34.34~22.04.1) …
Настраивается пакет grub-efi-amd64-bin (2.06-2ubuntu14.4) …
Настраивается пакет linux-headers-generic-hwe-22.04 (6.2.0.34.34~22.04.11) …
Настраивается пакет libfprint-2-2:amd64 (1:1.94.3+tod1-0ubuntu2~22.04.06) …
Настраивается пакет linux-image-6.2.0-34-generic (6.2.0-34.34~22.04.1) …
I: /boot/vmlinuz.old is now a symlink to vmlinuz-6.2.0-33-generic
I: /boot/initrd.img.old is now a symlink to initrd.img-6.2.0-33-generic
I: /boot/vmlinuz is now a symlink to vmlinuz-6.2.0-34-generic
I: /boot/initrd.img is now a symlink to initrd.img-6.2.0-34-generic
Настраивается пакет libx11-xcb1:amd64 (2:1.7.5-1ubuntu0.3) …
Настраивается пакет google-chrome-stable (117.0.5938.149-1) …
Настраивается пакет libxpm4:amd64 (1:3.5.12-1ubuntu0.22.04.2) …
Настраивается пакет grub-efi-amd64-signed (1.187.6+2.06-2ubuntu14.4) …
Installing grub to /boot/efi.
Выполняется установка для платформы x86_64-efi.
Установка завершена. Ошибок нет.
Настраивается пакет linux-modules-extra-6.2.0-34-generic (6.2.0-34.34~22.04.1) …
Настраивается пакет libfreerdp2-2:amd64 (2.6.1+dfsg1-3ubuntu2.4) …
Настраивается пакет libfreerdp-server2-2:amd64 (2.6.1+dfsg1-3ubuntu2.4) …
Настраивается пакет thunderbird (1:115.3.1+build1-0ubuntu0.22.04.2) …
Настраивается пакет libfreerdp-client2-2:amd64 (2.6.1+dfsg1-3ubuntu2.4) …
Настраивается пакет thunderbird-locale-ru (1:115.3.1+build1-0ubuntu0.22.04.2) …
Настраивается пакет linux-image-generic-hwe-22.04 (6.2.0.34.34~22.04.11) …
Настраивается пакет linux-generic-hwe-22.04 (6.2.0.34.34~22.04.11) …
Настраивается пакет thunderbird-locale-en (1:115.3.1+build1-0ubuntu0.22.04.2) …
Настраивается пакет thunderbird-locale-en-us (1:115.3.1+build1-0ubuntu0.22.04.2) …
Настраивается пакет thunderbird-gnome-support (1:115.3.1+build1-0ubuntu0.22.04.2) …
Обрабатываются триггеры для mailcap (3.70+nmu1ubuntu1) …
Обрабатываются триггеры для desktop-file-utils (0.26-1ubuntu3) …
Обрабатываются триггеры для hicolor-icon-theme (0.17-2) …
Обрабатываются триггеры для gnome-menus (3.36.0-1ubuntu3) …
Обрабатываются триггеры для libc-bin (2.35-0ubuntu3.4) …
Обрабатываются триггеры для man-db (2.10.2-1) …
Обрабатываются триггеры для udev (249.11-0ubuntu3.10) …
Обрабатываются триггеры для linux-image-6.2.0-34-generic (6.2.0-34.34~22.04.1) …
/etc/kernel/postinst.d/initramfs-tools:
update-initramfs: Generating /boot/initrd.img-6.2.0-34-generic
/etc/kernel/postinst.d/zz-update-grub:
Sourcing file `/etc/default/grub'
Sourcing file `/etc/default/grub.d/init-select.cfg'
Generating grub configuration file ...
Found linux image: /boot/vmlinuz-6.2.0-34-generic
Found initrd image: /boot/initrd.img-6.2.0-34-generic
Found linux image: /boot/vmlinuz-6.2.0-33-generic
Found initrd image: /boot/initrd.img-6.2.0-33-generic
Found linux image: /boot/vmlinuz-6.2.0-32-generic
Found initrd image: /boot/initrd.img-6.2.0-32-generic
Memtest86+ needs a 16-bit boot, that is not available on EFI, exiting
Warning: os-prober will not be executed to detect other bootable partitions.
Systems on them will not be added to the GRUB boot configuration.
Check GRUB_DISABLE_OS_PROBER documentation entry.
Adding boot menu entry for UEFI Firmware Settings ...
done
mts@mts-Aspire-A111-31:~/vscode/java/ControlWork2$ systemctl status mysql
Unit mysql.service could not be found.
mts@mts-Aspire-A111-31:~/vscode/java/ControlWork2$ sudo apt install mysql-server
Чтение списков пакетов… Готово
Построение дерева зависимостей… Готово
Чтение информации о состоянии… Готово         
Следующие пакеты устанавливались автоматически и больше не требуются:
  linux-headers-6.2.0-32-generic linux-hwe-6.2-headers-6.2.0-32 linux-image-6.2.0-32-generic linux-modules-6.2.0-32-generic
  linux-modules-extra-6.2.0-32-generic
Для их удаления используйте «sudo apt autoremove».
Будут установлены следующие дополнительные пакеты:
  libaio1 libmecab2 mecab-ipadic mecab-ipadic-utf8 mecab-utils mysql-client mysql-common mysql-community-client mysql-community-client-core
  mysql-community-client-plugins mysql-community-server mysql-community-server-core
Следующие НОВЫЕ пакеты будут установлены:
  libaio1 libmecab2 mecab-ipadic mecab-ipadic-utf8 mecab-utils mysql-client mysql-common mysql-community-client mysql-community-client-core
  mysql-community-client-plugins mysql-community-server mysql-community-server-core mysql-server
Обновлено 0 пакетов, установлено 13 новых пакетов, для удаления отмечено 0 пакетов, и 1 пакетов не обновлено.
Необходимо скачать 37,7 MB архивов.
После данной операции объём занятого дискового пространства возрастёт на 273 MB.
Хотите продолжить? [Д/н] y
Пол:1 http://repo.mysql.com/apt/ubuntu jammy/mysql-8.0 amd64 mysql-common amd64 8.0.34-1ubuntu22.04 [67,7 kB]
Пол:2 http://repo.mysql.com/apt/ubuntu jammy/mysql-8.0 amd64 mysql-community-client-plugins amd64 8.0.34-1ubuntu22.04 [1 435 kB]
Пол:3 http://repo.mysql.com/apt/ubuntu jammy/mysql-8.0 amd64 mysql-community-client-core amd64 8.0.34-1ubuntu22.04 [2 087 kB]
Пол:4 http://repo.mysql.com/apt/ubuntu jammy/mysql-8.0 amd64 mysql-community-client amd64 8.0.34-1ubuntu22.04 [2 113 kB]
Пол:5 http://repo.mysql.com/apt/ubuntu jammy/mysql-8.0 amd64 mysql-client amd64 8.0.34-1ubuntu22.04 [66,4 kB]
Пол:6 http://repo.mysql.com/apt/ubuntu jammy/mysql-8.0 amd64 mysql-community-server-core amd64 8.0.34-1ubuntu22.04 [24,8 MB]
Пол:7 http://repo.mysql.com/apt/ubuntu jammy/mysql-8.0 amd64 mysql-community-server amd64 8.0.34-1ubuntu22.04 [78,2 kB]
Пол:8 http://repo.mysql.com/apt/ubuntu jammy/mysql-8.0 amd64 mysql-server amd64 8.0.34-1ubuntu22.04 [66,4 kB]
Пол:9 http://ru.archive.ubuntu.com/ubuntu jammy/main amd64 libaio1 amd64 0.3.112-13build1 [7 176 B]                                          
Пол:10 http://ru.archive.ubuntu.com/ubuntu jammy/main amd64 libmecab2 amd64 0.996-14build9 [199 kB]
Пол:11 http://ru.archive.ubuntu.com/ubuntu jammy/main amd64 mecab-utils amd64 0.996-14build9 [4 850 B]
Пол:12 http://ru.archive.ubuntu.com/ubuntu jammy/main amd64 mecab-ipadic all 2.7.0-20070801+main-3 [6 718 kB]
Пол:13 http://ru.archive.ubuntu.com/ubuntu jammy/main amd64 mecab-ipadic-utf8 all 2.7.0-20070801+main-3 [4 384 B]
Получено 37,7 MB за 30с (1 242 kB/s)               
Предварительная настройка пакетов …
Выбор ранее не выбранного пакета mysql-common.
(Чтение базы данных … на данный момент установлено 251190 файлов и каталогов.)
Подготовка к распаковке …/00-mysql-common_8.0.34-1ubuntu22.04_amd64.deb …
Распаковывается mysql-common (8.0.34-1ubuntu22.04) …
Выбор ранее не выбранного пакета mysql-community-client-plugins.
Подготовка к распаковке …/01-mysql-community-client-plugins_8.0.34-1ubuntu22.04_amd64.deb …
Распаковывается mysql-community-client-plugins (8.0.34-1ubuntu22.04) …
Выбор ранее не выбранного пакета mysql-community-client-core.
Подготовка к распаковке …/02-mysql-community-client-core_8.0.34-1ubuntu22.04_amd64.deb …
Распаковывается mysql-community-client-core (8.0.34-1ubuntu22.04) …
Выбор ранее не выбранного пакета mysql-community-client.
Подготовка к распаковке …/03-mysql-community-client_8.0.34-1ubuntu22.04_amd64.deb …
Распаковывается mysql-community-client (8.0.34-1ubuntu22.04) …
Выбор ранее не выбранного пакета mysql-client.
Подготовка к распаковке …/04-mysql-client_8.0.34-1ubuntu22.04_amd64.deb …
Распаковывается mysql-client (8.0.34-1ubuntu22.04) …
Выбор ранее не выбранного пакета libaio1:amd64.
Подготовка к распаковке …/05-libaio1_0.3.112-13build1_amd64.deb …
Распаковывается libaio1:amd64 (0.3.112-13build1) …
Выбор ранее не выбранного пакета libmecab2:amd64.
Подготовка к распаковке …/06-libmecab2_0.996-14build9_amd64.deb …
Распаковывается libmecab2:amd64 (0.996-14build9) …
Выбор ранее не выбранного пакета mysql-community-server-core.
Подготовка к распаковке …/07-mysql-community-server-core_8.0.34-1ubuntu22.04_amd64.deb …
Распаковывается mysql-community-server-core (8.0.34-1ubuntu22.04) …
Выбор ранее не выбранного пакета mysql-community-server.
Подготовка к распаковке …/08-mysql-community-server_8.0.34-1ubuntu22.04_amd64.deb …
Распаковывается mysql-community-server (8.0.34-1ubuntu22.04) …
Выбор ранее не выбранного пакета mecab-utils.
Подготовка к распаковке …/09-mecab-utils_0.996-14build9_amd64.deb …
Распаковывается mecab-utils (0.996-14build9) …
Выбор ранее не выбранного пакета mecab-ipadic.
Подготовка к распаковке …/10-mecab-ipadic_2.7.0-20070801+main-3_all.deb …
Распаковывается mecab-ipadic (2.7.0-20070801+main-3) …
Выбор ранее не выбранного пакета mecab-ipadic-utf8.
Подготовка к распаковке …/11-mecab-ipadic-utf8_2.7.0-20070801+main-3_all.deb …
Распаковывается mecab-ipadic-utf8 (2.7.0-20070801+main-3) …
Выбор ранее не выбранного пакета mysql-server.
Подготовка к распаковке …/12-mysql-server_8.0.34-1ubuntu22.04_amd64.deb …
Распаковывается mysql-server (8.0.34-1ubuntu22.04) …
Настраивается пакет libmecab2:amd64 (0.996-14build9) …
Настраивается пакет mysql-common (8.0.34-1ubuntu22.04) …
update-alternatives: используется /etc/mysql/my.cnf.fallback для предоставления /etc/mysql/my.cnf (my.cnf) в автоматическом режиме
Настраивается пакет mecab-utils (0.996-14build9) …
Настраивается пакет mysql-community-client-plugins (8.0.34-1ubuntu22.04) …
Настраивается пакет libaio1:amd64 (0.3.112-13build1) …
Настраивается пакет mecab-ipadic (2.7.0-20070801+main-3) …
Compiling IPA dictionary for Mecab.  This takes long time...
reading /usr/share/mecab/dic/ipadic/unk.def ... 40
emitting double-array: 100% |###########################################| 
/usr/share/mecab/dic/ipadic/model.def is not found. skipped.
reading /usr/share/mecab/dic/ipadic/Noun.org.csv ... 16668
reading /usr/share/mecab/dic/ipadic/Filler.csv ... 19
reading /usr/share/mecab/dic/ipadic/Prefix.csv ... 221
reading /usr/share/mecab/dic/ipadic/Noun.nai.csv ... 42
reading /usr/share/mecab/dic/ipadic/Noun.proper.csv ... 27328
reading /usr/share/mecab/dic/ipadic/Adnominal.csv ... 135
reading /usr/share/mecab/dic/ipadic/Suffix.csv ... 1393
reading /usr/share/mecab/dic/ipadic/Noun.others.csv ... 151
reading /usr/share/mecab/dic/ipadic/Noun.verbal.csv ... 12146
reading /usr/share/mecab/dic/ipadic/Adverb.csv ... 3032
reading /usr/share/mecab/dic/ipadic/Noun.place.csv ... 72999
reading /usr/share/mecab/dic/ipadic/Postp-col.csv ... 91
reading /usr/share/mecab/dic/ipadic/Noun.csv ... 60477
reading /usr/share/mecab/dic/ipadic/Others.csv ... 2
reading /usr/share/mecab/dic/ipadic/Postp.csv ... 146
reading /usr/share/mecab/dic/ipadic/Noun.adverbal.csv ... 795
reading /usr/share/mecab/dic/ipadic/Adj.csv ... 27210
reading /usr/share/mecab/dic/ipadic/Noun.number.csv ... 42
reading /usr/share/mecab/dic/ipadic/Conjunction.csv ... 171
reading /usr/share/mecab/dic/ipadic/Noun.name.csv ... 34202
reading /usr/share/mecab/dic/ipadic/Noun.adjv.csv ... 3328
reading /usr/share/mecab/dic/ipadic/Verb.csv ... 130750
reading /usr/share/mecab/dic/ipadic/Noun.demonst.csv ... 120
reading /usr/share/mecab/dic/ipadic/Symbol.csv ... 208
reading /usr/share/mecab/dic/ipadic/Interjection.csv ... 252
reading /usr/share/mecab/dic/ipadic/Auxil.csv ... 199
emitting double-array: 100% |###########################################| 
reading /usr/share/mecab/dic/ipadic/matrix.def ... 1316x1316
emitting matrix      : 100% |###########################################| 

done!
update-alternatives: используется /var/lib/mecab/dic/ipadic для предоставления /var/lib/mecab/dic/debian (mecab-dictionary) в автоматическом р
ежиме
Настраивается пакет mysql-community-client-core (8.0.34-1ubuntu22.04) …
Настраивается пакет mysql-community-server-core (8.0.34-1ubuntu22.04) …
Настраивается пакет mecab-ipadic-utf8 (2.7.0-20070801+main-3) …
Compiling IPA dictionary for Mecab.  This takes long time...
reading /usr/share/mecab/dic/ipadic/unk.def ... 40
emitting double-array: 100% |###########################################| 
/usr/share/mecab/dic/ipadic/model.def is not found. skipped.
reading /usr/share/mecab/dic/ipadic/Noun.org.csv ... 16668
reading /usr/share/mecab/dic/ipadic/Filler.csv ... 19
reading /usr/share/mecab/dic/ipadic/Prefix.csv ... 221
reading /usr/share/mecab/dic/ipadic/Noun.nai.csv ... 42
reading /usr/share/mecab/dic/ipadic/Noun.proper.csv ... 27328
reading /usr/share/mecab/dic/ipadic/Adnominal.csv ... 135
reading /usr/share/mecab/dic/ipadic/Suffix.csv ... 1393
reading /usr/share/mecab/dic/ipadic/Noun.others.csv ... 151
reading /usr/share/mecab/dic/ipadic/Noun.verbal.csv ... 12146
reading /usr/share/mecab/dic/ipadic/Adverb.csv ... 3032
reading /usr/share/mecab/dic/ipadic/Noun.place.csv ... 72999
reading /usr/share/mecab/dic/ipadic/Postp-col.csv ... 91
reading /usr/share/mecab/dic/ipadic/Noun.csv ... 60477
reading /usr/share/mecab/dic/ipadic/Others.csv ... 2
reading /usr/share/mecab/dic/ipadic/Postp.csv ... 146
reading /usr/share/mecab/dic/ipadic/Noun.adverbal.csv ... 795
reading /usr/share/mecab/dic/ipadic/Adj.csv ... 27210
reading /usr/share/mecab/dic/ipadic/Noun.number.csv ... 42
reading /usr/share/mecab/dic/ipadic/Conjunction.csv ... 171
reading /usr/share/mecab/dic/ipadic/Noun.name.csv ... 34202
reading /usr/share/mecab/dic/ipadic/Noun.adjv.csv ... 3328
reading /usr/share/mecab/dic/ipadic/Verb.csv ... 130750
reading /usr/share/mecab/dic/ipadic/Noun.demonst.csv ... 120
reading /usr/share/mecab/dic/ipadic/Symbol.csv ... 208
reading /usr/share/mecab/dic/ipadic/Interjection.csv ... 252
reading /usr/share/mecab/dic/ipadic/Auxil.csv ... 199
emitting double-array: 100% |###########################################| 
reading /usr/share/mecab/dic/ipadic/matrix.def ... 1316x1316
emitting matrix      : 100% |###########################################| 

done!
update-alternatives: используется /var/lib/mecab/dic/ipadic-utf8 для предоставления /var/lib/mecab/dic/debian (mecab-dictionary) в автоматичес
ком режиме
Настраивается пакет mysql-community-client (8.0.34-1ubuntu22.04) …
Настраивается пакет mysql-client (8.0.34-1ubuntu22.04) …
Настраивается пакет mysql-community-server (8.0.34-1ubuntu22.04) …
update-alternatives: используется /etc/mysql/mysql.cnf для предоставления /etc/mysql/my.cnf (my.cnf) в автоматическом режиме
Created symlink /etc/systemd/system/multi-user.target.wants/mysql.service → /lib/systemd/system/mysql.service.
Настраивается пакет mysql-server (8.0.34-1ubuntu22.04) …
Обрабатываются триггеры для man-db (2.10.2-1) …
Обрабатываются триггеры для libc-bin (2.35-0ubuntu3.4) …
mts@mts-Aspire-A111-31:~/vscode/java/ControlWork2$ systemctl status mysql
● mysql.service - MySQL Community Server
     Loaded: loaded (/lib/systemd/system/mysql.service; enabled; vendor preset: enabled)
     Active: active (running) since Thu 2023-10-05 18:55:45 MSK; 33s ago
       Docs: man:mysqld(8)
             http://dev.mysql.com/doc/refman/en/using-systemd.html
   Main PID: 31201 (mysqld)
     Status: "Server is operational"
      Tasks: 38 (limit: 4386)
     Memory: 364.8M
        CPU: 1.816s
     CGroup: /system.slice/mysql.service
             └─31201 /usr/sbin/mysqld

окт 05 18:55:44 mts-Aspire-A111-31 systemd[1]: Starting MySQL Community Server...
окт 05 18:55:45 mts-Aspire-A111-31 systemd[1]: Started MySQL Community Server.
mts@mts-Aspire-A111-31:~/vscode/java/ControlWork2$ 

